// Jest Snapshot v1, https://goo.gl/fbAQLP

exports[`home page matches the default snapshot 1`] = `
<div class="container pa-3 ml-6">
  <div class="row">
    <div class="col-md-3 col">
      <div class="v-input theme--light v-text-field v-select">
        <div class="v-input__control">
          <div role="button" aria-haspopup="listbox" aria-expanded="false" aria-owns="list-80" class="v-input__slot">
            <div class="v-select__slot"><label for="select_cards" class="v-label theme--light" style="left: 0px; position: absolute;">Number of cards</label>
              <div class="v-select__selections"><input id="select_cards" readonly="readonly" type="text" aria-readonly="false" autocomplete="off"></div>
              <div class="v-input__append-inner">
                <div class="v-input__icon v-input__icon--append"><i aria-hidden="true" class="v-icon notranslate mdi mdi-menu-down theme--light"></i></div>
              </div><input type="hidden" value="-1">
            </div>
            <div class="v-menu">
              <!---->
            </div>
          </div>
          <div class="v-text-field__details">
            <div class="v-messages theme--light">
              <transition-group-stub tag="div" name="message-transition" class="v-messages__wrapper"></transition-group-stub>
            </div>
          </div>
        </div>
      </div>
    </div>
    <div class="col-md-3 col"><button type="button" disabled="disabled" class="mt-4 v-btn v-btn--disabled v-btn--has-bg theme--light v-size--default"><span class="v-btn__content">Play</span></button></div>
  </div>
  <div class="row"></div>
</div>
`;
